Boa tarde
Boa tarde
Boa tarde
Boa tarde
Boa tarde
Boa tarde
msg
Boa tarde
None
Boa tarde
msg
Boa tarde
msg
Boa tarde
msg
Boa tarde
msg
Boa tarde
msg
Boa tarde
msg
None
Boa tarde
msg
None
Boa tarde
None
msg
Boa tarde
msg
Boa tarde
mensagem
msg
Boa tarde
mensagem
msg
Boa tarde
msg
Boa tarde
msg
Boa tarde
msg
Boa tarde
msg
Boa tarde
msg
Boa tarde
msg
Boa tarde
msg
Boa tarde
msg
Boa tarde
msg
Boa tarde
msg
Boa tarde
msg
Boa tarde
msg
Boa tarde
msg
Boa tarde
msg
Boa tarde
msg
Boa tarde
msg
Boa tarde
msg
Boa tarde
msg
Boa tarde
msg
Boa tarde
msg
Boa tarde
msg
Boa tarde
msg
Boa tarde
msg
Boa tarde
msg
Boa tarde
msg
Boa tarde
msg
Boa tarde
msg
Boa tarde
msg
Boa tarde
msg
Boa tarde
msg
Boa tarde
msg
Boa tarde
msg
Boa tarde
msg
Boa tarde
msg
Boa tarde
msg
Boa tarde
msg
Boa tarde
msg
Boa tarde
msg
Boa tarde
msg
Boa tarde
Log de teste estufa
Log de teste estufa
Log de teste estufa
Log de teste estufa
Log de teste estufa
Log de teste estufa
Log de teste estufa
Log de teste estufa
Log de teste estufa
